eeschema (2011-01-12 BZR 2730)-testing  >> Creation date: 2011-01-17T10:16:52 CET

#Cmp ( order = Reference )
| C12        .1u         
| C13        .1u         
| C14        .1u         
| C15        .1u         
| C16        .1u         
| C_couple_1 .22uF       
| C_couple_2 .22uF       
| C_couple_3 .22uF       
| C_cpbuf_0  22n         
| C_lplc_1   470nF       
| C_lprc_1   15.9n       
| C_lprc_2   15.9n       
| Cbt_4      .01         
| Cbt_5      .01         
| Cbt_6      .01         
| Cbt_7      .01         
| CInt_0     22n         
| Cmc_1      .22uF       
| Cmx_1      100nF       
| Cmx_2      100nF       
| Cmx_3      100nF       
| CONN_5DC_0 CONN_2      
| CONN_BEOP_0 CONN_3      
| CONN_BPWM_0 CONN_3      
| CONN_GND_10 CONN_10     
| CONN_IN_EOP_0 CONN_3      
| CONN_IN_MIX_0 CONN_3      
| CONN_InFilt_1 CONN_3      
| CONN_InFilt_2 CONN_3      
| CONN_InPWM2PCM_0 CONN_3      
| CONN_OutFilt_0 CONN_3      
| CONN_U3_IN_0 CONN_2      
| CONN_U3_OUT_0 CONN_2      
| CONN_U4_POW_0 CONN_3      
| CONN_U4_RAWOUT_0 CONN_2      
| CONN_V+_10 CONN_10     
| CPmc_10    10uF        
| CPmx_10    10uF        
| CPU2_3     250uF       
| CPU4_4     4.7uF       
| CPU4_5     22uF        
| CU2_1      100nF       
| CU2_2      47nF        
| CU4_1      100nF       
| CU4_2      220nF       
| Dmc_1      1N4148      
| Dmc_2      1N4148      
| DU4_1      BYW27       
| DU4_2      BYW27       
| L_lplc_1   68uH        
| LED_TEST0  LED         
| P_BPCM_0   CONN_1      
| P_EXTRA_IN_0 CONN_1      
| P_EXTRA_OUT_0 CONN_1      
| P_IN_AMP_A_0 CONN_1      
| P_IN_PWM_0 CONN_1      
| P_INMIX_OUT_AIN0 CONN_1      
| P_LED_0    CONN_1      
| P_MIC_IN_0 CONN_1      
| P_MICPRE_OUT_0 CONN_1      
| P_SPK_OUT_A_0 CONN_1      
| P_U12_VCC+0 CONN_1      
| P_U12_VCC-0 CONN_1      
| P_U1_VCC+0 CONN_1      
| P_U1_VCC-0 CONN_1      
| P_U4_IN_0  CONN_1      
| P_U4_OUT_0 CONN_1      
| QInt_empty_0 BC337-25    
| QInt_pass_1 BC337-25    
| QInt_pass_2 BC337-25    
| QU4_4      IRF530      
| QU4_5      IRF530      
| R_lprc_1   1K          
| R_lprc_2   1K          
| Rb_empty_0 100         
| Rb_pass_1  100         
| Rb_pass_2  100         
| Rbt_7      10K         
| Rbt_8      10K         
| Rbt_9      10K         
| Rbt_10     3.32K       
| RInt_1     1K          
| RInt_2     1K          
| RInt_3     1K          
| RInt_4     1K          
| RLED0      680         
| Rmc_1      3.92K       
| Rmc_2      4.7M        
| Rmc_5      475         
| Rmc_6      475         
| Rmc_10     15K         
| Rmc_11     15K         
| Rmx_1      10K         
| Rmx_2      10K         
| Rmx_3      10K         
| Rmx_10     15K         
| Rmx_11     15K         
| RU2_1      10          
| RU4_1      10K         
| RU4_2      4.32K       
| RU4_3      10K         
| RU4_4      10          
| RU4_5      10          
| RU4_6      10K         
| RU4_7      5.6K        
| U1         TL074       
| U2         LM386       
| U3         BD6211F     
| U4         IRS20954S   
| U10        74LS86      
| U11        74LS86      
| U12        TL074       
| VR_EXTRA_1 10K         
| VR_U2_1    10K         
| VR_U4_1    10K         
| VRbt_2     100K        
| VRbt_3     100K        
| VRmc_off_1 10K         
| VRmx_1     10K         
| VRmx_2     10K         
| VRmx_3     10K         
| VRmx_gain_1 220K        
| VRmx_off_1 10K         
#End Cmp

#Cmp ( order = Value )
| .01          Cbt_4     
| .01          Cbt_5     
| .01          Cbt_6     
| .01          Cbt_7     
| .1u          C12       
| .1u          C13       
| .1u          C14       
| .1u          C15       
| .1u          C16       
| .22uF        C_couple_1
| .22uF        C_couple_2
| .22uF        C_couple_3
| .22uF        Cmc_1     
| 10           RU2_1     
| 10           RU4_4     
| 10           RU4_5     
| 100          Rb_empty_0
| 100          Rb_pass_1 
| 100          Rb_pass_2 
| 100K         VRbt_2    
| 100K         VRbt_3    
| 100nF        Cmx_1     
| 100nF        Cmx_2     
| 100nF        Cmx_3     
| 100nF        CU2_1     
| 100nF        CU4_1     
| 10K          Rbt_7     
| 10K          Rbt_8     
| 10K          Rbt_9     
| 10K          Rmx_1     
| 10K          Rmx_2     
| 10K          Rmx_3     
| 10K          RU4_1     
| 10K          RU4_3     
| 10K          RU4_6     
| 10K          VR_EXTRA_1
| 10K          VR_U2_1   
| 10K          VR_U4_1   
| 10K          VRmc_off_1
| 10K          VRmx_1    
| 10K          VRmx_2    
| 10K          VRmx_3    
| 10K          VRmx_off_1
| 10uF         CPmc_10   
| 10uF         CPmx_10   
| 15.9n        C_lprc_1  
| 15.9n        C_lprc_2  
| 15K          Rmc_10    
| 15K          Rmc_11    
| 15K          Rmx_10    
| 15K          Rmx_11    
| 1K           R_lprc_1  
| 1K           R_lprc_2  
| 1K           RInt_1    
| 1K           RInt_2    
| 1K           RInt_3    
| 1K           RInt_4    
| 1N4148       Dmc_1     
| 1N4148       Dmc_2     
| 220K         VRmx_gain_1
| 220nF        CU4_2     
| 22n          C_cpbuf_0 
| 22n          CInt_0    
| 22uF         CPU4_5    
| 250uF        CPU2_3    
| 3.32K        Rbt_10    
| 3.92K        Rmc_1     
| 4.32K        RU4_2     
| 4.7M         Rmc_2     
| 4.7uF        CPU4_4    
| 470nF        C_lplc_1  
| 475          Rmc_5     
| 475          Rmc_6     
| 47nF         CU2_2     
| 5.6K         RU4_7     
| 680          RLED0     
| 68uH         L_lplc_1  
| 74LS86       U10       
| 74LS86       U11       
| BC337-25     QInt_empty_0
| BC337-25     QInt_pass_1
| BC337-25     QInt_pass_2
| BD6211F      U3        
| BYW27        DU4_1     
| BYW27        DU4_2     
| CONN_1       P_BPCM_0  
| CONN_1       P_EXTRA_IN_0
| CONN_1       P_EXTRA_OUT_0
| CONN_1       P_IN_AMP_A_0
| CONN_1       P_IN_PWM_0
| CONN_1       P_INMIX_OUT_AIN0
| CONN_1       P_LED_0   
| CONN_1       P_MIC_IN_0
| CONN_1       P_MICPRE_OUT_0
| CONN_1       P_SPK_OUT_A_0
| CONN_1       P_U12_VCC+0
| CONN_1       P_U12_VCC-0
| CONN_1       P_U1_VCC+0
| CONN_1       P_U1_VCC-0
| CONN_1       P_U4_IN_0 
| CONN_1       P_U4_OUT_0
| CONN_10      CONN_GND_10
| CONN_10      CONN_V+_10
| CONN_2       CONN_5DC_0
| CONN_2       CONN_U3_IN_0
| CONN_2       CONN_U3_OUT_0
| CONN_2       CONN_U4_RAWOUT_0
| CONN_3       CONN_BEOP_0
| CONN_3       CONN_BPWM_0
| CONN_3       CONN_IN_EOP_0
| CONN_3       CONN_IN_MIX_0
| CONN_3       CONN_InFilt_1
| CONN_3       CONN_InFilt_2
| CONN_3       CONN_InPWM2PCM_0
| CONN_3       CONN_OutFilt_0
| CONN_3       CONN_U4_POW_0
| IRF530       QU4_4     
| IRF530       QU4_5     
| IRS20954S    U4        
| LED          LED_TEST0 
| LM386        U2        
| TL074        U1        
| TL074        U12       
#End Cmp

#End List
