EESchema (20090216-final)  >> Creation date: Wed 09 Sep 2009 11:06:40 AM CEST

#Cmp ( order = Reference )
| C1         1u          
| C2         100n        
| C3         100n        
| C5         100n        
| C6         100n        
| C9         100n        
| CC1        1n          
| CC2        47n         
| CC3        1n          
| CC4        47n         
| CC5        1n          
| CC6        47n         
| CC7        1n          
| CC8        47n         
| CC9        1n          
| CC10       1n          
| CC11       47n         
| CC12       47n         
| CP4        10u/25V     
| CP7        10u/25V     
| CP8        10u/25V     
| CP10       10u/25V     
| JP_PROG_B1  JUMPER      
| JP_VCCXO1  JUMPER      
| JP_VCCXOOE1  JUMPER      
| LED_AWAKE1  LED         
| LED_DONE1  LED         
| LED_INIT1  LED         
| LED_TEST1  LED         
| P1         CONN_2      
| P2         JTAG 6pin   
| P3         CONN_10     
| P4         CONN_3X2    
| P5         CONN_1      
| P6         CONN_20X2   
| R1         100         
| R2         100         
| R3         100         
| R4         220         
| R5         220         
| R6         220         
| R7         10K         
| R8         10K         
| R9         10K         
| R10        4K7         
| R11        4K7         
| R12        680         
| R13        680         
| R14        4K7         
| R15        680         
| R16        680         
| SW1        SW_PUSH     
| SW_POWER_SLIDE1  SWITCH_INV  
| SW_SUSPEND_SLIDE1  SWITCH_INV  
| U1         XC3S50ATQ144
| U2         LM2940IMP-5.0
| U3         LM3940IMP-3.3
| U4         LM3940IMP-3.3
| U5         FAN1112SX-1.2
| U6         SN_74CB3T   
| X1         XO-8S       
#End Cmp

#Cmp ( order = Value )
| 100          R1        
| 100          R2        
| 100          R3        
| 100n         C2        
| 100n         C3        
| 100n         C5        
| 100n         C6        
| 100n         C9        
| 10K          R7        
| 10K          R8        
| 10K          R9        
| 10u/25V      CP4       
| 10u/25V      CP7       
| 10u/25V      CP8       
| 10u/25V      CP10      
| 1n           CC1       
| 1n           CC3       
| 1n           CC5       
| 1n           CC7       
| 1n           CC9       
| 1n           CC10      
| 1u           C1        
| 220          R4        
| 220          R5        
| 220          R6        
| 47n          CC2       
| 47n          CC4       
| 47n          CC6       
| 47n          CC8       
| 47n          CC11      
| 47n          CC12      
| 4K7          R10       
| 4K7          R11       
| 4K7          R14       
| 680          R12       
| 680          R13       
| 680          R15       
| 680          R16       
| CONN_1       P5        
| CONN_10      P3        
| CONN_2       P1        
| CONN_20X2    P6        
| CONN_3X2     P4        
| FAN1112SX-1.2 U5        
| JTAG 6pin    P2        
| JUMPER       JP_PROG_B1 
| JUMPER       JP_VCCXO1 
| JUMPER       JP_VCCXOOE1 
| LED          LED_AWAKE1 
| LED          LED_DONE1 
| LED          LED_INIT1 
| LED          LED_TEST1 
| LM2940IMP-5.0 U2        
| LM3940IMP-3.3 U3        
| LM3940IMP-3.3 U4        
| SN_74CB3T    U6        
| SW_PUSH      SW1       
| SWITCH_INV   SW_POWER_SLIDE1 
| SWITCH_INV   SW_SUSPEND_SLIDE1 
| XC3S50ATQ144 U1        
| XO-8S        X1        
#End Cmp

#End List
